============================= test session starts =============================
platform win32 -- Python 3.13.5, pytest-9.0.2, pluggy-1.6.0
rootdir: C:\Users\van Houten\accounting_erp_software\backend
plugins: anyio-4.12.1, asyncio-1.3.0, cov-7.0.0
asyncio: mode=Mode.STRICT, debug=False, asyncio_default_fixture_loop_scope=None, asyncio_default_test_loop_scope=function
collected 7 items

tests\test_accounting.py EEEE                                            [ 57%]
tests\test_market.py EEE                                                 [100%]

=================================== ERRORS ====================================
___ ERROR at setup of TestAccountingEngine.test_initialize_company_accounts ___

self = <Coroutine test_initialize_company_accounts>

    def setup(self) -> None:
        runner_fixture_id = f"_{self._loop_scope}_scoped_runner"
        if runner_fixture_id not in self.fixturenames:
            self.fixturenames.append(runner_fixture_id)
>       return super().setup()
               ^^^^^^^^^^^^^^^

..\venv\Lib\site-packages\pytest_asyncio\plugin.py:458: 
_ _ _ _ _ _ _ _ _ _ _ _ _ _ _ _ _ _ _ _ _ _ _ _ _ _ _ _ _ _ _ _ _ _ _ _ _ _ _ _

fixturedef = <FixtureDef argname='db_session' scope='function' baseid='tests'>
request = <SubRequest 'db_session' for <Coroutine test_initialize_company_accounts>>

    @pytest.hookimpl(wrapper=True)
    def pytest_fixture_setup(fixturedef: FixtureDef, request) -> object | None:
        asyncio_mode = _get_asyncio_mode(request.config)
        if not _is_asyncio_fixture_function(fixturedef.func):
            if asyncio_mode == Mode.STRICT:
                # Ignore async fixtures without explicit asyncio mark in strict mode
                # This applies to pytest_trio fixtures, for example
>               return (yield)
                        ^^^^^
E               pytest.PytestRemovedIn9Warning: 'test_initialize_company_accounts' requested an async fixture 'db_session', with no plugin or hook that handled it. This is usually an error, as pytest does not natively support it. This will turn into an error in pytest 9.
E               See: https://docs.pytest.org/en/stable/deprecations.html#sync-test-depending-on-async-fixture

..\venv\Lib\site-packages\pytest_asyncio\plugin.py:728: PytestRemovedIn9Warning
___ ERROR at setup of TestAccountingEngine.test_create_transaction_success ____

self = <Coroutine test_create_transaction_success>

    def setup(self) -> None:
        runner_fixture_id = f"_{self._loop_scope}_scoped_runner"
        if runner_fixture_id not in self.fixturenames:
            self.fixturenames.append(runner_fixture_id)
>       return super().setup()
               ^^^^^^^^^^^^^^^

..\venv\Lib\site-packages\pytest_asyncio\plugin.py:458: 
_ _ _ _ _ _ _ _ _ _ _ _ _ _ _ _ _ _ _ _ _ _ _ _ _ _ _ _ _ _ _ _ _ _ _ _ _ _ _ _

fixturedef = <FixtureDef argname='db_session' scope='function' baseid='tests'>
request = <SubRequest 'db_session' for <Coroutine test_create_transaction_success>>

    @pytest.hookimpl(wrapper=True)
    def pytest_fixture_setup(fixturedef: FixtureDef, request) -> object | None:
        asyncio_mode = _get_asyncio_mode(request.config)
        if not _is_asyncio_fixture_function(fixturedef.func):
            if asyncio_mode == Mode.STRICT:
                # Ignore async fixtures without explicit asyncio mark in strict mode
                # This applies to pytest_trio fixtures, for example
>               return (yield)
                        ^^^^^
E               pytest.PytestRemovedIn9Warning: 'test_create_transaction_success' requested an async fixture 'db_session', with no plugin or hook that handled it. This is usually an error, as pytest does not natively support it. This will turn into an error in pytest 9.
E               See: https://docs.pytest.org/en/stable/deprecations.html#sync-test-depending-on-async-fixture

..\venv\Lib\site-packages\pytest_asyncio\plugin.py:728: PytestRemovedIn9Warning
__ ERROR at setup of TestAccountingEngine.test_create_transaction_unbalanced __

self = <Coroutine test_create_transaction_unbalanced>

    def setup(self) -> None:
        runner_fixture_id = f"_{self._loop_scope}_scoped_runner"
        if runner_fixture_id not in self.fixturenames:
            self.fixturenames.append(runner_fixture_id)
>       return super().setup()
               ^^^^^^^^^^^^^^^

..\venv\Lib\site-packages\pytest_asyncio\plugin.py:458: 
_ _ _ _ _ _ _ _ _ _ _ _ _ _ _ _ _ _ _ _ _ _ _ _ _ _ _ _ _ _ _ _ _ _ _ _ _ _ _ _

fixturedef = <FixtureDef argname='db_session' scope='function' baseid='tests'>
request = <SubRequest 'db_session' for <Coroutine test_create_transaction_unbalanced>>

    @pytest.hookimpl(wrapper=True)
    def pytest_fixture_setup(fixturedef: FixtureDef, request) -> object | None:
        asyncio_mode = _get_asyncio_mode(request.config)
        if not _is_asyncio_fixture_function(fixturedef.func):
            if asyncio_mode == Mode.STRICT:
                # Ignore async fixtures without explicit asyncio mark in strict mode
                # This applies to pytest_trio fixtures, for example
>               return (yield)
                        ^^^^^
E               pytest.PytestRemovedIn9Warning: 'test_create_transaction_unbalanced' requested an async fixture 'db_session', with no plugin or hook that handled it. This is usually an error, as pytest does not natively support it. This will turn into an error in pytest 9.
E               See: https://docs.pytest.org/en/stable/deprecations.html#sync-test-depending-on-async-fixture

..\venv\Lib\site-packages\pytest_asyncio\plugin.py:728: PytestRemovedIn9Warning
________ ERROR at setup of TestAccountingEngine.test_get_company_cash _________

self = <Coroutine test_get_company_cash>

    def setup(self) -> None:
        runner_fixture_id = f"_{self._loop_scope}_scoped_runner"
        if runner_fixture_id not in self.fixturenames:
            self.fixturenames.append(runner_fixture_id)
>       return super().setup()
               ^^^^^^^^^^^^^^^

..\venv\Lib\site-packages\pytest_asyncio\plugin.py:458: 
_ _ _ _ _ _ _ _ _ _ _ _ _ _ _ _ _ _ _ _ _ _ _ _ _ _ _ _ _ _ _ _ _ _ _ _ _ _ _ _

fixturedef = <FixtureDef argname='db_session' scope='function' baseid='tests'>
request = <SubRequest 'db_session' for <Coroutine test_get_company_cash>>

    @pytest.hookimpl(wrapper=True)
    def pytest_fixture_setup(fixturedef: FixtureDef, request) -> object | None:
        asyncio_mode = _get_asyncio_mode(request.config)
        if not _is_asyncio_fixture_function(fixturedef.func):
            if asyncio_mode == Mode.STRICT:
                # Ignore async fixtures without explicit asyncio mark in strict mode
                # This applies to pytest_trio fixtures, for example
>               return (yield)
                        ^^^^^
E               pytest.PytestRemovedIn9Warning: 'test_get_company_cash' requested an async fixture 'db_session', with no plugin or hook that handled it. This is usually an error, as pytest does not natively support it. This will turn into an error in pytest 9.
E               See: https://docs.pytest.org/en/stable/deprecations.html#sync-test-depending-on-async-fixture

..\venv\Lib\site-packages\pytest_asyncio\plugin.py:728: PytestRemovedIn9Warning
___ ERROR at setup of TestMarketEngine.test_calculate_market_demand_basics ____

self = <Coroutine test_calculate_market_demand_basics>

    def setup(self) -> None:
        runner_fixture_id = f"_{self._loop_scope}_scoped_runner"
        if runner_fixture_id not in self.fixturenames:
            self.fixturenames.append(runner_fixture_id)
>       return super().setup()
               ^^^^^^^^^^^^^^^

..\venv\Lib\site-packages\pytest_asyncio\plugin.py:458: 
_ _ _ _ _ _ _ _ _ _ _ _ _ _ _ _ _ _ _ _ _ _ _ _ _ _ _ _ _ _ _ _ _ _ _ _ _ _ _ _

fixturedef = <FixtureDef argname='db_session' scope='function' baseid='tests'>
request = <SubRequest 'db_session' for <Coroutine test_calculate_market_demand_basics>>

    @pytest.hookimpl(wrapper=True)
    def pytest_fixture_setup(fixturedef: FixtureDef, request) -> object | None:
        asyncio_mode = _get_asyncio_mode(request.config)
        if not _is_asyncio_fixture_function(fixturedef.func):
            if asyncio_mode == Mode.STRICT:
                # Ignore async fixtures without explicit asyncio mark in strict mode
                # This applies to pytest_trio fixtures, for example
>               return (yield)
                        ^^^^^
E               pytest.PytestRemovedIn9Warning: 'test_calculate_market_demand_basics' requested an async fixture 'db_session', with no plugin or hook that handled it. This is usually an error, as pytest does not natively support it. This will turn into an error in pytest 9.
E               See: https://docs.pytest.org/en/stable/deprecations.html#sync-test-depending-on-async-fixture

..\venv\Lib\site-packages\pytest_asyncio\plugin.py:728: PytestRemovedIn9Warning
_______ ERROR at setup of TestMarketEngine.test_distribute_sales_logic ________

self = <Coroutine test_distribute_sales_logic>

    def setup(self) -> None:
        runner_fixture_id = f"_{self._loop_scope}_scoped_runner"
        if runner_fixture_id not in self.fixturenames:
            self.fixturenames.append(runner_fixture_id)
>       return super().setup()
               ^^^^^^^^^^^^^^^

..\venv\Lib\site-packages\pytest_asyncio\plugin.py:458: 
_ _ _ _ _ _ _ _ _ _ _ _ _ _ _ _ _ _ _ _ _ _ _ _ _ _ _ _ _ _ _ _ _ _ _ _ _ _ _ _

fixturedef = <FixtureDef argname='db_session' scope='function' baseid='tests'>
request = <SubRequest 'db_session' for <Coroutine test_distribute_sales_logic>>

    @pytest.hookimpl(wrapper=True)
    def pytest_fixture_setup(fixturedef: FixtureDef, request) -> object | None:
        asyncio_mode = _get_asyncio_mode(request.config)
        if not _is_asyncio_fixture_function(fixturedef.func):
            if asyncio_mode == Mode.STRICT:
                # Ignore async fixtures without explicit asyncio mark in strict mode
                # This applies to pytest_trio fixtures, for example
>               return (yield)
                        ^^^^^
E               pytest.PytestRemovedIn9Warning: 'test_distribute_sales_logic' requested an async fixture 'db_session', with no plugin or hook that handled it. This is usually an error, as pytest does not natively support it. This will turn into an error in pytest 9.
E               See: https://docs.pytest.org/en/stable/deprecations.html#sync-test-depending-on-async-fixture

..\venv\Lib\site-packages\pytest_asyncio\plugin.py:728: PytestRemovedIn9Warning
______ ERROR at setup of TestMarketEngine.test_sales_distribution_empty _______

self = <Coroutine test_sales_distribution_empty>

    def setup(self) -> None:
        runner_fixture_id = f"_{self._loop_scope}_scoped_runner"
        if runner_fixture_id not in self.fixturenames:
            self.fixturenames.append(runner_fixture_id)
>       return super().setup()
               ^^^^^^^^^^^^^^^

..\venv\Lib\site-packages\pytest_asyncio\plugin.py:458: 
_ _ _ _ _ _ _ _ _ _ _ _ _ _ _ _ _ _ _ _ _ _ _ _ _ _ _ _ _ _ _ _ _ _ _ _ _ _ _ _

fixturedef = <FixtureDef argname='db_session' scope='function' baseid='tests'>
request = <SubRequest 'db_session' for <Coroutine test_sales_distribution_empty>>

    @pytest.hookimpl(wrapper=True)
    def pytest_fixture_setup(fixturedef: FixtureDef, request) -> object | None:
        asyncio_mode = _get_asyncio_mode(request.config)
        if not _is_asyncio_fixture_function(fixturedef.func):
            if asyncio_mode == Mode.STRICT:
                # Ignore async fixtures without explicit asyncio mark in strict mode
                # This applies to pytest_trio fixtures, for example
>               return (yield)
                        ^^^^^
E               pytest.PytestRemovedIn9Warning: 'test_sales_distribution_empty' requested an async fixture 'db_session', with no plugin or hook that handled it. This is usually an error, as pytest does not natively support it. This will turn into an error in pytest 9.
E               See: https://docs.pytest.org/en/stable/deprecations.html#sync-test-depending-on-async-fixture

..\venv\Lib\site-packages\pytest_asyncio\plugin.py:728: PytestRemovedIn9Warning
=============================== tests coverage ================================
_______________ coverage: platform win32, python 3.13.5-final-0 _______________

Name                        Stmts   Miss  Cover
-----------------------------------------------
app\__init__.py                 0      0   100%
app\database.py                10      2    80%
app\main.py                    23     23     0%
app\models.py                 128      0   100%
app\routers\__init__.py         2      2     0%
app\routers\ledger.py          66     66     0%
app\routers\ledger_api.py      75     75     0%
app\routers\simulation.py     116    116     0%
app\schemas.py                 75     75     0%
core\__init__.py                0      0   100%
core\accounting.py             62     47    24%
core\bot_ai.py                346    346     0%
core\engine.py                443    443     0%
core\inventory_manager.py      56     56     0%
core\market.py                117    107     9%
core\market_events.py          71     71     0%
core\reports.py                52     52     0%
-----------------------------------------------
TOTAL                        1642   1481    10%
=========================== short test summary info ===========================
ERROR tests/test_accounting.py::TestAccountingEngine::test_initialize_company_accounts
ERROR tests/test_accounting.py::TestAccountingEngine::test_create_transaction_success
ERROR tests/test_accounting.py::TestAccountingEngine::test_create_transaction_unbalanced
ERROR tests/test_accounting.py::TestAccountingEngine::test_get_company_cash
ERROR tests/test_market.py::TestMarketEngine::test_calculate_market_demand_basics
ERROR tests/test_market.py::TestMarketEngine::test_distribute_sales_logic - p...
ERROR tests/test_market.py::TestMarketEngine::test_sales_distribution_empty
============================== 7 errors in 0.57s ==============================
